<?xml version="1.0" encoding="utf-8" ?>
<result>
	<row>
		<idsite>1</idsite>
		<name>MigrationSite</name>
		<main_url>http://piwik.net</main_url>
		<ts_created>2013-01-22 00:00:00</ts_created>
		<ecommerce>1</ecommerce>
		<sitesearch>1</sitesearch>
		<sitesearch_keyword_parameters />
		<sitesearch_category_parameters />
		<timezone>UTC</timezone>
		<currency>USD</currency>
		<exclude_unknown_urls>0</exclude_unknown_urls>
		<excluded_ips />
		<excluded_parameters />
		<excluded_user_agents />
		<group />
		<type>website</type>
		<keep_url_fragment>0</keep_url_fragment>
		<creator_login>superUserLogin</creator_login>
		<timezone_name>UTC</timezone_name>
		<currency_name>US Dollar</currency_name>
	</row>
</result>